2026-03-01 18:50:42,131 - training.train - INFO - === Inicio del proceso de entrenamiento de modelo ===
2026-03-01 18:50:42,386 - training.train - INFO - Datos cargados — Entrenamiento: 10,675,632 registros, Validación: 238,172 registros
2026-03-01 18:50:42,392 - training.train - INFO - Features preparados — Entrenamiento: 8 cols, Validación: 8 cols
2026-03-01 18:50:42,392 - training.train - INFO - Features preparados — Entrenamiento: 8 cols, Validación: 8 cols
2026-03-01 18:50:42,392 - training.train - INFO - Features: 8 columnas
2026-03-01 18:50:42,392 - training.train - INFO - Features: 8 columnas
2026-03-01 18:50:42,392 - training.train - INFO - Entrenando modelo baseline — linear...
2026-03-01 18:50:42,392 - training.train - INFO - Entrenando modelo baseline — linear...
2026-03-01 18:50:44,061 - training.train - INFO - ✓ RMSE linear (baseline): 0.9824
2026-03-01 18:50:44,061 - training.train - INFO - ✓ RMSE linear (baseline): 0.9824
2026-03-01 18:50:44,061 - training.train - INFO - Entrenando modelo principal — xgboost...
2026-03-01 18:50:44,061 - training.train - INFO - Entrenando modelo principal — xgboost...
2026-03-01 18:51:00,754 - training.train - INFO - ✓ RMSE xgboost (principal): 0.9642
2026-03-01 18:51:00,754 - training.train - INFO - ✓ RMSE xgboost (principal): 0.9642
2026-03-01 18:51:00,754 - training.train - INFO - Mejora respecto al baseline: 1.85% ↓
2026-03-01 18:51:00,754 - training.train - INFO - Mejora respecto al baseline: 1.85% ↓
2026-03-01 18:51:00,756 - training.train - INFO - Modelo principal guardado en: artifacts/models/modelo_xgboost.joblib
2026-03-01 18:51:00,756 - training.train - INFO - Modelo principal guardado en: artifacts/models/modelo_xgboost.joblib
2026-03-01 18:51:00,756 - training.train - INFO - === Proceso de entrenamiento finalizado exitosamente ===
2026-03-01 18:51:00,756 - training.train - INFO - === Proceso de entrenamiento finalizado exitosamente ===
